jika nama tabel diganti maka tidak bisa di rollback migration`

error:
Undefined variable: title (View: /home/dr4g0na/Desktop/project/laravel_coba/resources/views/suppliers/create.blade.php)

solution:
delete $title

error:
syntax error, unexpected 'field' (T_STRING), expecting ')' (View: /home/dr4g0na/Desktop/project/laravel_inventory2/resources/views/suppliers/create.blade.php)

solutions:

error:
ErrorException Array to string conversion

solutions:
before :   return view('po.create'.compact('docmo','supplier','product'));
after  :   return view('po.create',compact('docmo','supplier','product'));

